{
    "Test screening": {
        "content": [
            20,
            {
                "BAGEL2_BF": {
                    "python": "3.11.4",
                    "BAGEL2": 2.0
                },
                "BAGEL2_FC": {
                    "python": "3.11.4",
                    "BAGEL2": 2.0
                },
                "BAGEL2_GRAPH": {
                    "pandas": "2.0.3",
                    "matplotlib.pyplot": "3.7.2"
                },
                "BAGEL2_PR": {
                    "python": "3.11.4",
                    "BAGEL2": 2.0
                },
                "CRISPRCLEANR_NORMALIZE": {
                    "crisprcleanr": "3.0.0"
                },
                "DRUGZ": {
                    "python": "3.11.4"
                },
                "FASTQC": {
                    "fastqc": "0.12.1"
                },
                "HITSELECTION": {
                    "igraph": "2.0.3",
                    "dplyr": "1.1.4",
                    "ggplot2": "3.5.1"
                },
                "HITSELECTION_BAGEL2": {
                    "igraph": "2.0.3",
                    "dplyr": "1.1.4",
                    "ggplot2": "3.5.1"
                },
                "HITSELECTION_MLE": {
                    "igraph": "2.0.3",
                    "dplyr": "1.1.4",
                    "ggplot2": "3.5.1"
                },
                "HITSELECTION_RRA": {
                    "igraph": "2.0.3",
                    "dplyr": "1.1.4",
                    "ggplot2": "3.5.1"
                },
                "MAGECK_COUNT": {
                    "mageck": "0.5.9.5"
                },
                "MAGECK_FLUTEMLE_CONTRASTS": {
                    "MAGeCKFlute": "2.6.0",
                    "ggplot2": "3.4.4",
                    "clusterProfiler": "4.10.0",
                    "pathview": "1.42.0"
                },
                "MAGECK_GRAPHRRA": {
                    "MAGeCKFlute": "2.6.0",
                    "ggplot2": "3.4.4"
                },
                "MAGECK_MLE": {
                    "mageck": "0.5.9.5"
                },
                "MAGECK_TEST": {
                    "mageck": "0.5.9.5"
                },
                "VENNDIAGRAM": {
                    "ggvenn": "0.1.10"
                },
                "Workflow": {
                    "nf-core/crisprseq": "v2.4.0dev"
                }
            },
            [
                "bagel2",
                "bagel2/bayes_factor",
                "bagel2/bayes_factor/control_vs_treatment.bf",
                "bagel2/fold_change",
                "bagel2/fold_change/control_vs_treatment.foldchange",
                "bagel2/fold_change/control_vs_treatment.normed_readcount",
                "bagel2/graphs",
                "bagel2/graphs/PR_plot_control_vs_treatment.png",
                "bagel2/graphs/barplot_control_vs_treatment.png",
                "bagel2/precision_recall",
                "bagel2/precision_recall/control_vs_treatment.tsv",
                "crisprcleanr",
                "crisprcleanr/normalization",
                "crisprcleanr/normalization/crisprcleanr_correctedCounts.RData",
                "crisprcleanr/normalization/crisprcleanr_norm_table.tsv",
                "design_matrix",
                "design_matrix/control_vs_treatment.txt",
                "drugz",
                "drugz/control_vs_treatment.foldchange",
                "drugz/control_vs_treatment_drugz_output.txt",
                "hitselection",
                "hitselection/bagel2",
                "hitselection/bagel2/control_vs_treatment_bagel2_gene_conversion.txt",
                "hitselection/bagel2/control_vs_treatment_bagel2_hitselection.tsv",
                "hitselection/bagel2/control_vs_treatment_bagel2_logpvalue_distribution.png",
                "hitselection/drugz",
                "hitselection/drugz/control_vs_treatment_drugz_gene_conversion.txt",
                "hitselection/drugz/control_vs_treatment_drugz_hitselection.tsv",
                "hitselection/drugz/control_vs_treatment_drugz_logpvalue_distribution.png",
                "hitselection/mle",
                "hitselection/mle/control_vs_treatment_mle_gene_conversion.txt",
                "hitselection/mle/control_vs_treatment_mle_hitselection.tsv",
                "hitselection/mle/control_vs_treatment_mle_logpvalue_distribution.png",
                "hitselection/rra",
                "hitselection/rra/control_vs_treatment_rra_gene_conversion.txt",
                "hitselection/rra/control_vs_treatment_rra_hitselection.tsv",
                "hitselection/rra/control_vs_treatment_rra_logpvalue_distribution.png",
                "mageck",
                "mageck/FluteMLE",
                "mageck/FluteMLE/MAGeCKFlute_control_vs_treatment",
                "mageck/FluteMLE/MAGeCKFlute_control_vs_treatment/Enrichment",
                "mageck/FluteMLE/MAGeCKFlute_control_vs_treatment/Enrichment/GroupA_complex_cell_cycle.png",
                "mageck/FluteMLE/MAGeCKFlute_control_vs_treatment/Enrichment/GroupA_complex_cell_cycle.txt",
                "mageck/FluteMLE/MAGeCKFlute_control_vs_treatment/Enrichment/GroupA_gobp_cell_cycle.png",
                "mageck/FluteMLE/MAGeCKFlute_control_vs_treatment/Enrichment/GroupA_gobp_cell_cycle.txt",
                "mageck/FluteMLE/MAGeCKFlute_control_vs_treatment/Enrichment/GroupA_kegg_cell_cycle.png",
                "mageck/FluteMLE/MAGeCKFlute_control_vs_treatment/Enrichment/GroupA_kegg_cell_cycle.txt",
                "mageck/FluteMLE/MAGeCKFlute_control_vs_treatment/Enrichment/GroupA_reactome_cell_cycle.png",
                "mageck/FluteMLE/MAGeCKFlute_control_vs_treatment/Enrichment/GroupA_reactome_cell_cycle.txt",
                "mageck/FluteMLE/MAGeCKFlute_control_vs_treatment/Enrichment/GroupB_complex_cell_cycle.png",
                "mageck/FluteMLE/MAGeCKFlute_control_vs_treatment/Enrichment/GroupB_complex_cell_cycle.txt",
                "mageck/FluteMLE/MAGeCKFlute_control_vs_treatment/Enrichment/GroupB_gobp_cell_cycle.png",
                "mageck/FluteMLE/MAGeCKFlute_control_vs_treatment/Enrichment/GroupB_gobp_cell_cycle.txt",
                "mageck/FluteMLE/MAGeCKFlute_control_vs_treatment/Enrichment/GroupB_kegg_cell_cycle.png",
                "mageck/FluteMLE/MAGeCKFlute_control_vs_treatment/Enrichment/GroupB_kegg_cell_cycle.txt",
                "mageck/FluteMLE/MAGeCKFlute_control_vs_treatment/Enrichment/GroupB_reactome_cell_cycle.png",
                "mageck/FluteMLE/MAGeCKFlute_control_vs_treatment/Enrichment/GroupB_reactome_cell_cycle.txt",
                "mageck/FluteMLE/MAGeCKFlute_control_vs_treatment/PathwayView",
                "mageck/FluteMLE/MAGeCKFlute_control_vs_treatment/PathwayView/Group A__hsa00780.pathview.multi.png",
                "mageck/FluteMLE/MAGeCKFlute_control_vs_treatment/PathwayView/Group A__hsa01240.pathview.multi.png",
                "mageck/FluteMLE/MAGeCKFlute_control_vs_treatment/PathwayView/Group A__hsa03013.pathview.multi.png",
                "mageck/FluteMLE/MAGeCKFlute_control_vs_treatment/PathwayView/Group A__hsa03020.pathview.multi.png",
                "mageck/FluteMLE/MAGeCKFlute_control_vs_treatment/PathwayView/Group A__hsa05220.pathview.multi.png",
                "mageck/FluteMLE/MAGeCKFlute_control_vs_treatment/QC",
                "mageck/FluteMLE/MAGeCKFlute_control_vs_treatment/QC/Consistency_all_cell_cycle.png",
                "mageck/FluteMLE/MAGeCKFlute_control_vs_treatment/QC/Consistency_posctrl_cell_cycle.png",
                "mageck/FluteMLE/MAGeCKFlute_control_vs_treatment/QC/DensityView_all_cell_cycle.png",
                "mageck/FluteMLE/MAGeCKFlute_control_vs_treatment/QC/DensityView_posctrl_cell_cycle.png",
                "mageck/FluteMLE/MAGeCKFlute_control_vs_treatment/QC/MAView_all_cell_cycle.png",
                "mageck/FluteMLE/MAGeCKFlute_control_vs_treatment/QC/MAView_posctrl_cell_cycle.png",
                "mageck/FluteMLE/MAGeCKFlute_control_vs_treatment/QC/ViolinView_all_cell_cycle.png",
                "mageck/FluteMLE/MAGeCKFlute_control_vs_treatment/QC/ViolinView_posctrl_cell_cycle.png",
                "mageck/FluteMLE/MAGeCKFlute_control_vs_treatment/QC/control_vs_treatment_omitessential_data.txt",
                "mageck/FluteMLE/MAGeCKFlute_control_vs_treatment/QC/control_vs_treatment_processed_data.txt",
                "mageck/FluteMLE/MAGeCKFlute_control_vs_treatment/Selection",
                "mageck/FluteMLE/MAGeCKFlute_control_vs_treatment/Selection/Data_ScatterView_TreatvsCtrl.txt",
                "mageck/FluteMLE/MAGeCKFlute_control_vs_treatment/Selection/RankView_Treat-Ctrl_cell_cycle.png",
                "mageck/FluteMLE/MAGeCKFlute_control_vs_treatment/Selection/ScatterView_Treat-Ctrl_Negative_cell_cycle.png",
                "mageck/FluteMLE/MAGeCKFlute_control_vs_treatment/Selection/ScatterView_Treat-Ctrl_Positive_cell_cycle.png",
                "mageck/FluteMLE/MAGeCKFlute_control_vs_treatment/Selection/ScatterView_TreatvsCtrl_cell_cycle.png",
                "mageck/control_vs_treatment_rank.png",
                "mageck/control_vs_treatment_scatterview.png",
                "mageck/count",
                "mageck/count/count_table.count.txt",
                "mageck/count/count_table.count_normalized.txt",
                "mageck/count/count_table.countsummary.txt",
                "mageck/count/count_table.log",
                "mageck/mle",
                "mageck/mle/control_vs_treatment",
                "mageck/mle/control_vs_treatment/control_vs_treatment.gene_summary.txt",
                "mageck/mle/control_vs_treatment/control_vs_treatment.sgrna_summary.txt",
                "mageck/rra",
                "mageck/rra/control_treatment.R",
                "mageck/rra/control_treatment.gene_summary.txt",
                "mageck/rra/control_treatment.log",
                "mageck/rra/control_treatment.sgrna_summary.txt",
                "mageck/rra/control_treatment_summary.Rnw",
                "multiqc",
                "multiqc/multiqc_data",
                "multiqc/multiqc_data/fastqc-status-check-heatmap.txt",
                "multiqc/multiqc_data/fastqc_per_base_n_content_plot.txt",
                "multiqc/multiqc_data/fastqc_per_base_sequence_quality_plot.txt",
                "multiqc/multiqc_data/fastqc_per_sequence_gc_content_plot_Counts.txt",
                "multiqc/multiqc_data/fastqc_per_sequence_gc_content_plot_Percentages.txt",
                "multiqc/multiqc_data/fastqc_per_sequence_quality_scores_plot.txt",
                "multiqc/multiqc_data/fastqc_sequence_counts_plot.txt",
                "multiqc/multiqc_data/fastqc_sequence_duplication_levels_plot.txt",
                "multiqc/multiqc_data/fastqc_top_overrepresented_sequences_table.txt",
                "multiqc/multiqc_data/multiqc.log",
                "multiqc/multiqc_data/multiqc_citations.txt",
                "multiqc/multiqc_data/multiqc_data.json",
                "multiqc/multiqc_data/multiqc_fastqc.txt",
                "multiqc/multiqc_data/multiqc_general_stats.txt",
                "multiqc/multiqc_data/multiqc_mageck_count.txt",
                "multiqc/multiqc_data/multiqc_software_versions.txt",
                "multiqc/multiqc_data/multiqc_sources.txt",
                "multiqc/multiqc_plots",
                "multiqc/multiqc_plots/pdf",
                "multiqc/multiqc_plots/pdf/fastqc-status-check-heatmap.pdf",
                "multiqc/multiqc_plots/pdf/fastqc_per_base_n_content_plot.pdf",
                "multiqc/multiqc_plots/pdf/fastqc_per_base_sequence_quality_plot.pdf",
                "multiqc/multiqc_plots/pdf/fastqc_per_sequence_gc_content_plot_Counts.pdf",
                "multiqc/multiqc_plots/pdf/fastqc_per_sequence_gc_content_plot_Percentages.pdf",
                "multiqc/multiqc_plots/pdf/fastqc_per_sequence_quality_scores_plot.pdf",
                "multiqc/multiqc_plots/pdf/fastqc_sequence_counts_plot-cnt.pdf",
                "multiqc/multiqc_plots/pdf/fastqc_sequence_counts_plot-pct.pdf",
                "multiqc/multiqc_plots/pdf/fastqc_sequence_duplication_levels_plot.pdf",
                "multiqc/multiqc_plots/pdf/fastqc_top_overrepresented_sequences_table.pdf",
                "multiqc/multiqc_plots/pdf/general_stats_table.pdf",
                "multiqc/multiqc_plots/pdf/mageck_count.pdf",
                "multiqc/multiqc_plots/png",
                "multiqc/multiqc_plots/png/fastqc-status-check-heatmap.png",
                "multiqc/multiqc_plots/png/fastqc_per_base_n_content_plot.png",
                "multiqc/multiqc_plots/png/fastqc_per_base_sequence_quality_plot.png",
                "multiqc/multiqc_plots/png/fastqc_per_sequence_gc_content_plot_Counts.png",
                "multiqc/multiqc_plots/png/fastqc_per_sequence_gc_content_plot_Percentages.png",
                "multiqc/multiqc_plots/png/fastqc_per_sequence_quality_scores_plot.png",
                "multiqc/multiqc_plots/png/fastqc_sequence_counts_plot-cnt.png",
                "multiqc/multiqc_plots/png/fastqc_sequence_counts_plot-pct.png",
                "multiqc/multiqc_plots/png/fastqc_sequence_duplication_levels_plot.png",
                "multiqc/multiqc_plots/png/fastqc_top_overrepresented_sequences_table.png",
                "multiqc/multiqc_plots/png/general_stats_table.png",
                "multiqc/multiqc_plots/png/mageck_count.png",
                "multiqc/multiqc_plots/svg",
                "multiqc/multiqc_plots/svg/fastqc-status-check-heatmap.svg",
                "multiqc/multiqc_plots/svg/fastqc_per_base_n_content_plot.svg",
                "multiqc/multiqc_plots/svg/fastqc_per_base_sequence_quality_plot.svg",
                "multiqc/multiqc_plots/svg/fastqc_per_sequence_gc_content_plot_Counts.svg",
                "multiqc/multiqc_plots/svg/fastqc_per_sequence_gc_content_plot_Percentages.svg",
                "multiqc/multiqc_plots/svg/fastqc_per_sequence_quality_scores_plot.svg",
                "multiqc/multiqc_plots/svg/fastqc_sequence_counts_plot-cnt.svg",
                "multiqc/multiqc_plots/svg/fastqc_sequence_counts_plot-pct.svg",
                "multiqc/multiqc_plots/svg/fastqc_sequence_duplication_levels_plot.svg",
                "multiqc/multiqc_plots/svg/fastqc_top_overrepresented_sequences_table.svg",
                "multiqc/multiqc_plots/svg/general_stats_table.svg",
                "multiqc/multiqc_plots/svg/mageck_count.svg",
                "multiqc/multiqc_report.html",
                "pipeline_info",
                "pipeline_info/nf_core_crisprseq_software_mqc_versions.yml",
                "preprocessing",
                "preprocessing/fastqc",
                "preprocessing/fastqc/SRR8983579_fastqc.html",
                "preprocessing/fastqc/SRR8983579_fastqc.zip",
                "preprocessing/fastqc/SRR8983580_fastqc.html",
                "preprocessing/fastqc/SRR8983580_fastqc.zip",
                "venndiagram",
                "venndiagram/control_vs_treatment",
                "venndiagram/control_vs_treatment/control_vs_treatment.fdr_BAGEL2_common_genes_mle.txt",
                "venndiagram/control_vs_treatment/venn_BAGEL2_mageckmle_control_vs_treatment.fdr.png"
            ],
            [
                "control_vs_treatment.bf:md5,644b8deef4b2f70f61cda45583bef2be",
                "control_vs_treatment.foldchange:md5,fcd5971d03db4e6f14a57ee0c683313c",
                "control_vs_treatment.normed_readcount:md5,0140634f183117e27bce8ee2b025032b",
                "PR_plot_control_vs_treatment.png:md5,d009d3200c6e21c9be4f06cf062f862b",
                "barplot_control_vs_treatment.png:md5,c888d1d4b097d62493a118ebb9a70974",
                "control_vs_treatment.tsv:md5,770040a098d9ca0f5b4d3ea9829dadc7",
                "crisprcleanr_correctedCounts.RData:md5,e593a3c361e2bfa12c704647c473864f",
                "crisprcleanr_norm_table.tsv:md5,09555a6bce27cff61e803ceca5d751d3",
                "control_vs_treatment.txt:md5,b0176dd28df9d555c023e0245f53f5c7",
                "control_vs_treatment.foldchange:md5,4a6828f552898354f83ca4cd08b8ee08",
                "control_vs_treatment_drugz_output.txt:md5,3d90e1c5fe50a9bfd3d1844c0b836eb8",
                "control_vs_treatment_bagel2_gene_conversion.txt:md5,de82e8483579f831d131b01c8d912870",
                "control_vs_treatment_bagel2_hitselection.tsv:md5,ff0aa7c3e1306d170cb7f10d7380f2c6",
                "control_vs_treatment_bagel2_logpvalue_distribution.png:md5,00d80cfe398be652e69b6dd30e571b80",
                "control_vs_treatment_drugz_gene_conversion.txt:md5,842d8bee822b2a185d156932e0844a01",
                "control_vs_treatment_drugz_hitselection.tsv:md5,09e7d21524a84840ede93bb3519f08f8",
                "control_vs_treatment_drugz_logpvalue_distribution.png:md5,f0dff994f46912df3a49e34369b443e2",
                "control_vs_treatment_mle_hitselection.tsv:md5,45c447e8438496a38835e6e0d6a215f0",
                "control_vs_treatment_mle_logpvalue_distribution.png:md5,c513bc76b8df5342f77e51d41cae740f",
                "control_vs_treatment_rra_gene_conversion.txt:md5,3837fe1e640e840635744899c7fe640b",
                "control_vs_treatment_rra_hitselection.tsv:md5,cc9a4fedc5cbecb2ecb65a58b8fe5d9c",
                "control_vs_treatment_rra_logpvalue_distribution.png:md5,2328c2357be545543c5c281cf28feaf3",
                "GroupA_complex_cell_cycle.png:md5,41b7f9c480fdb6d0c6ffbf224f41e565",
                "GroupA_complex_cell_cycle.txt:md5,9bb7db5af9c776fe66aa3a18a61ef6c1",
                "GroupA_gobp_cell_cycle.png:md5,e2f99635daa5297b27745c67a429c54e",
                "GroupA_gobp_cell_cycle.txt:md5,1c72bd319d2f2046e50b35e36280bc49",
                "GroupA_kegg_cell_cycle.png:md5,07a276679339b29464ea722379df66ca",
                "GroupA_kegg_cell_cycle.txt:md5,823933cb4fcfbab67788ce6453639c0c",
                "GroupA_reactome_cell_cycle.png:md5,00451a9df2072c2db24e79b54a3a00f6",
                "GroupA_reactome_cell_cycle.txt:md5,a6276bffd73bc5f1c4077fe64efd8aa4",
                "GroupB_complex_cell_cycle.png:md5,0866c4e564bf984c71653951ee98858d",
                "GroupB_complex_cell_cycle.txt:md5,dd209e903c10a16a4f177c05a5e085e5",
                "GroupB_gobp_cell_cycle.png:md5,0954ec9a86dbbdcf28334dc55567612d",
                "GroupB_gobp_cell_cycle.txt:md5,44a13bff0888bbd55d0ef35e86742476",
                "GroupB_kegg_cell_cycle.png:md5,3ae6ca5fe87a0e462ae556467cdc05ad",
                "GroupB_kegg_cell_cycle.txt:md5,3b64d76822c4102fdb1899935a24793f",
                "GroupB_reactome_cell_cycle.png:md5,b15b51d268c58e2b66f348f05e0c1394",
                "GroupB_reactome_cell_cycle.txt:md5,0a7d623070406b606766d0ca28b7237d",
                "Consistency_all_cell_cycle.png:md5,6f0435ef30f7af8cd9f7ab04802154ba",
                "Consistency_posctrl_cell_cycle.png:md5,5b24be16a638b0dc1b698c938eb0d5a4",
                "DensityView_all_cell_cycle.png:md5,2767bfc827c93684015703c6f17f6d34",
                "DensityView_posctrl_cell_cycle.png:md5,188f3421b6ba9f60af3aa1996b773737",
                "ViolinView_all_cell_cycle.png:md5,dca7c14583fca949ba4b4d4b1ed823d4",
                "ViolinView_posctrl_cell_cycle.png:md5,bd3c4d3a84dd53263257612e93c4a286",
                "control_vs_treatment_omitessential_data.txt:md5,b4647e851d2503de0df70318f76263b1",
                "control_vs_treatment_processed_data.txt:md5,e51ebceef53f51330d06ad57fb5796fe",
                "control_vs_treatment_scatterview.png:md5,1647706e407fb9e7a31abf7891db89e8",
                "count_table.count.txt:md5,f5330c33337a8dda134550ab1050eb2b",
                "count_table.count_normalized.txt:md5,7fd218709980842748313aabc419f2b3",
                "count_table.countsummary.txt:md5,9111f421fbc9cb3b2edfd5c11f5cf6a2",
                "control_vs_treatment.sgrna_summary.txt:md5,7eda8a28a2c59197fd153518cba9ecf9",
                "control_treatment.R:md5,e49ea1b783c0d4abda0fb0ea496e889c",
                "control_treatment.gene_summary.txt:md5,3cfbc6c97e838f5298d71eb6931d175a",
                "control_treatment.sgrna_summary.txt:md5,5c528cc3fb3f0ee91dee95360c3f75a5",
                "control_treatment_summary.Rnw:md5,675efab04b05276af4f0495e79e2909f",
                "fastqc-status-check-heatmap.txt:md5,50129a4cd9c87d79a3841ac119f5a187",
                "fastqc_per_base_n_content_plot.txt:md5,272dfea4dafcd2a7b122c27af4ed1aa3",
                "fastqc_per_base_sequence_quality_plot.txt:md5,2332a2b6386d9a877c742af251bd51f1",
                "fastqc_per_sequence_gc_content_plot_Counts.txt:md5,949842aa47b0fd9972d1774d28c150eb",
                "fastqc_per_sequence_gc_content_plot_Percentages.txt:md5,4b830d2f6ff411a81dddf93c30ab14df",
                "fastqc_per_sequence_quality_scores_plot.txt:md5,1686fe42e13615453e08c12e11abd4b5",
                "fastqc_sequence_counts_plot.txt:md5,c47bcbff751fed295be9e0fd0c4714b7",
                "fastqc_sequence_duplication_levels_plot.txt:md5,c441452ae5c12f9d281c9d367fd7f6fe",
                "multiqc_citations.txt:md5,4c806e63a283ec1b7e78cdae3a923d4f",
                "multiqc_general_stats.txt:md5,70b343b1d228d9306030913daad9a6fe",
                "multiqc_mageck_count.txt:md5,f57eb7523ba713732316707fabde9d81",
                "control_vs_treatment.fdr_BAGEL2_common_genes_mle.txt:md5,401b30e3b8b5d629635a5c613cdb7919"
            ]
        ],
        "meta": {
            "nf-test": "0.9.2",
            "nextflow": "24.04.2"
        },
        "timestamp": "2025-05-27T12:41:09.067649051"
    }
}