{
    "Test screening with an input count table": {
        "content": [
            3,
            {
                "MAGECK_FLUTEMLE": {
                    "MAGeCKFlute": "2.6.0",
                    "ggplot2": "3.4.4",
                    "clusterProfiler": "4.10.0",
                    "pathview": "1.42.0"
                },
                "MAGECK_MLE_MATRIX": {
                    "mageck": "0.5.9.5"
                },
                "Workflow": {
                    "nf-core/crisprseq": "v2.4.0dev"
                }
            },
            [
                "mageck",
                "mageck/FluteMLE",
                "mageck/FluteMLE/MAGeCKFlute_treatment",
                "mageck/FluteMLE/MAGeCKFlute_treatment/Enrichment",
                "mageck/FluteMLE/MAGeCKFlute_treatment/Enrichment/Group12_complex_cell_cycle.png",
                "mageck/FluteMLE/MAGeCKFlute_treatment/Enrichment/Group12_complex_cell_cycle.txt",
                "mageck/FluteMLE/MAGeCKFlute_treatment/Enrichment/Group12_gobp_cell_cycle.png",
                "mageck/FluteMLE/MAGeCKFlute_treatment/Enrichment/Group12_gobp_cell_cycle.txt",
                "mageck/FluteMLE/MAGeCKFlute_treatment/Enrichment/Group12_kegg_cell_cycle.png",
                "mageck/FluteMLE/MAGeCKFlute_treatment/Enrichment/Group12_kegg_cell_cycle.txt",
                "mageck/FluteMLE/MAGeCKFlute_treatment/Enrichment/Group12_reactome_cell_cycle.png",
                "mageck/FluteMLE/MAGeCKFlute_treatment/Enrichment/Group12_reactome_cell_cycle.txt",
                "mageck/FluteMLE/MAGeCKFlute_treatment/Enrichment/Group24_complex_cell_cycle.png",
                "mageck/FluteMLE/MAGeCKFlute_treatment/Enrichment/Group24_complex_cell_cycle.txt",
                "mageck/FluteMLE/MAGeCKFlute_treatment/Enrichment/Group24_gobp_cell_cycle.png",
                "mageck/FluteMLE/MAGeCKFlute_treatment/Enrichment/Group24_gobp_cell_cycle.txt",
                "mageck/FluteMLE/MAGeCKFlute_treatment/Enrichment/Group24_kegg_cell_cycle.png",
                "mageck/FluteMLE/MAGeCKFlute_treatment/Enrichment/Group24_kegg_cell_cycle.txt",
                "mageck/FluteMLE/MAGeCKFlute_treatment/Enrichment/Group24_reactome_cell_cycle.png",
                "mageck/FluteMLE/MAGeCKFlute_treatment/Enrichment/Group24_reactome_cell_cycle.txt",
                "mageck/FluteMLE/MAGeCKFlute_treatment/Enrichment/Group2_complex_cell_cycle.png",
                "mageck/FluteMLE/MAGeCKFlute_treatment/Enrichment/Group2_complex_cell_cycle.txt",
                "mageck/FluteMLE/MAGeCKFlute_treatment/Enrichment/Group2_gobp_cell_cycle.png",
                "mageck/FluteMLE/MAGeCKFlute_treatment/Enrichment/Group2_gobp_cell_cycle.txt",
                "mageck/FluteMLE/MAGeCKFlute_treatment/Enrichment/Group2_kegg_cell_cycle.png",
                "mageck/FluteMLE/MAGeCKFlute_treatment/Enrichment/Group2_kegg_cell_cycle.txt",
                "mageck/FluteMLE/MAGeCKFlute_treatment/Enrichment/Group2_reactome_cell_cycle.png",
                "mageck/FluteMLE/MAGeCKFlute_treatment/Enrichment/Group2_reactome_cell_cycle.txt",
                "mageck/FluteMLE/MAGeCKFlute_treatment/Enrichment/Group34_complex_cell_cycle.png",
                "mageck/FluteMLE/MAGeCKFlute_treatment/Enrichment/Group34_complex_cell_cycle.txt",
                "mageck/FluteMLE/MAGeCKFlute_treatment/Enrichment/Group34_gobp_cell_cycle.png",
                "mageck/FluteMLE/MAGeCKFlute_treatment/Enrichment/Group34_gobp_cell_cycle.txt",
                "mageck/FluteMLE/MAGeCKFlute_treatment/Enrichment/Group34_kegg_cell_cycle.png",
                "mageck/FluteMLE/MAGeCKFlute_treatment/Enrichment/Group34_kegg_cell_cycle.txt",
                "mageck/FluteMLE/MAGeCKFlute_treatment/Enrichment/Group34_reactome_cell_cycle.png",
                "mageck/FluteMLE/MAGeCKFlute_treatment/Enrichment/Group34_reactome_cell_cycle.txt",
                "mageck/FluteMLE/MAGeCKFlute_treatment/Enrichment/Group4_complex_cell_cycle.png",
                "mageck/FluteMLE/MAGeCKFlute_treatment/Enrichment/Group4_complex_cell_cycle.txt",
                "mageck/FluteMLE/MAGeCKFlute_treatment/Enrichment/Group4_gobp_cell_cycle.png",
                "mageck/FluteMLE/MAGeCKFlute_treatment/Enrichment/Group4_gobp_cell_cycle.txt",
                "mageck/FluteMLE/MAGeCKFlute_treatment/Enrichment/Group4_kegg_cell_cycle.png",
                "mageck/FluteMLE/MAGeCKFlute_treatment/Enrichment/Group4_kegg_cell_cycle.txt",
                "mageck/FluteMLE/MAGeCKFlute_treatment/Enrichment/Group4_reactome_cell_cycle.png",
                "mageck/FluteMLE/MAGeCKFlute_treatment/Enrichment/Group4_reactome_cell_cycle.txt",
                "mageck/FluteMLE/MAGeCKFlute_treatment/Enrichment/GroupA_complex_cell_cycle.png",
                "mageck/FluteMLE/MAGeCKFlute_treatment/Enrichment/GroupA_complex_cell_cycle.txt",
                "mageck/FluteMLE/MAGeCKFlute_treatment/Enrichment/GroupA_gobp_cell_cycle.png",
                "mageck/FluteMLE/MAGeCKFlute_treatment/Enrichment/GroupA_gobp_cell_cycle.txt",
                "mageck/FluteMLE/MAGeCKFlute_treatment/Enrichment/GroupA_kegg_cell_cycle.png",
                "mageck/FluteMLE/MAGeCKFlute_treatment/Enrichment/GroupA_kegg_cell_cycle.txt",
                "mageck/FluteMLE/MAGeCKFlute_treatment/Enrichment/GroupA_reactome_cell_cycle.png",
                "mageck/FluteMLE/MAGeCKFlute_treatment/Enrichment/GroupA_reactome_cell_cycle.txt",
                "mageck/FluteMLE/MAGeCKFlute_treatment/Enrichment/GroupB_complex_cell_cycle.png",
                "mageck/FluteMLE/MAGeCKFlute_treatment/Enrichment/GroupB_complex_cell_cycle.txt",
                "mageck/FluteMLE/MAGeCKFlute_treatment/Enrichment/GroupB_gobp_cell_cycle.png",
                "mageck/FluteMLE/MAGeCKFlute_treatment/Enrichment/GroupB_gobp_cell_cycle.txt",
                "mageck/FluteMLE/MAGeCKFlute_treatment/Enrichment/GroupB_kegg_cell_cycle.png",
                "mageck/FluteMLE/MAGeCKFlute_treatment/Enrichment/GroupB_kegg_cell_cycle.txt",
                "mageck/FluteMLE/MAGeCKFlute_treatment/Enrichment/GroupB_reactome_cell_cycle.png",
                "mageck/FluteMLE/MAGeCKFlute_treatment/Enrichment/GroupB_reactome_cell_cycle.txt",
                "mageck/FluteMLE/MAGeCKFlute_treatment/PathwayView",
                "mageck/FluteMLE/MAGeCKFlute_treatment/PathwayView/Group 1 & Group 2__hsa00910.pathview.multi.png",
                "mageck/FluteMLE/MAGeCKFlute_treatment/PathwayView/Group 1 & Group 2__hsa04064.pathview.multi.png",
                "mageck/FluteMLE/MAGeCKFlute_treatment/PathwayView/Group 1 & Group 2__hsa04660.pathview.multi.png",
                "mageck/FluteMLE/MAGeCKFlute_treatment/PathwayView/Group 1 & Group 2__hsa04662.pathview.multi.png",
                "mageck/FluteMLE/MAGeCKFlute_treatment/PathwayView/Group 1 & Group 2__hsa05211.pathview.multi.png",
                "mageck/FluteMLE/MAGeCKFlute_treatment/PathwayView/Group 2 & Group 4__hsa00230.pathview.multi.png",
                "mageck/FluteMLE/MAGeCKFlute_treatment/PathwayView/Group 2 & Group 4__hsa00310.pathview.multi.png",
                "mageck/FluteMLE/MAGeCKFlute_treatment/PathwayView/Group 2 & Group 4__hsa00910.pathview.multi.png",
                "mageck/FluteMLE/MAGeCKFlute_treatment/PathwayView/Group 2 & Group 4__hsa04660.pathview.multi.png",
                "mageck/FluteMLE/MAGeCKFlute_treatment/PathwayView/Group 2 & Group 4__hsa04662.pathview.multi.png",
                "mageck/FluteMLE/MAGeCKFlute_treatment/PathwayView/Group 2__hsa00910.pathview.multi.png",
                "mageck/FluteMLE/MAGeCKFlute_treatment/PathwayView/Group 2__hsa04064.pathview.multi.png",
                "mageck/FluteMLE/MAGeCKFlute_treatment/PathwayView/Group 2__hsa04660.pathview.multi.png",
                "mageck/FluteMLE/MAGeCKFlute_treatment/PathwayView/Group 2__hsa04662.pathview.multi.png",
                "mageck/FluteMLE/MAGeCKFlute_treatment/PathwayView/Group 2__hsa05211.pathview.multi.png",
                "mageck/FluteMLE/MAGeCKFlute_treatment/PathwayView/Group 3 & Group 4__hsa00230.pathview.multi.png",
                "mageck/FluteMLE/MAGeCKFlute_treatment/PathwayView/Group 3 & Group 4__hsa00310.pathview.multi.png",
                "mageck/FluteMLE/MAGeCKFlute_treatment/PathwayView/Group 3 & Group 4__hsa04350.pathview.multi.png",
                "mageck/FluteMLE/MAGeCKFlute_treatment/PathwayView/Group 3 & Group 4__hsa04666.pathview.multi.png",
                "mageck/FluteMLE/MAGeCKFlute_treatment/PathwayView/Group 3 & Group 4__hsa05418.pathview.multi.png",
                "mageck/FluteMLE/MAGeCKFlute_treatment/PathwayView/Group 4__hsa00230.pathview.multi.png",
                "mageck/FluteMLE/MAGeCKFlute_treatment/PathwayView/Group 4__hsa00310.pathview.multi.png",
                "mageck/FluteMLE/MAGeCKFlute_treatment/PathwayView/Group 4__hsa04350.pathview.multi.png",
                "mageck/FluteMLE/MAGeCKFlute_treatment/PathwayView/Group 4__hsa04666.pathview.multi.png",
                "mageck/FluteMLE/MAGeCKFlute_treatment/PathwayView/Group 4__hsa05418.pathview.multi.png",
                "mageck/FluteMLE/MAGeCKFlute_treatment/PathwayView/Group A__hsa00910.pathview.multi.png",
                "mageck/FluteMLE/MAGeCKFlute_treatment/PathwayView/Group A__hsa04064.pathview.multi.png",
                "mageck/FluteMLE/MAGeCKFlute_treatment/PathwayView/Group A__hsa04660.pathview.multi.png",
                "mageck/FluteMLE/MAGeCKFlute_treatment/PathwayView/Group A__hsa04662.pathview.multi.png",
                "mageck/FluteMLE/MAGeCKFlute_treatment/PathwayView/Group A__hsa05211.pathview.multi.png",
                "mageck/FluteMLE/MAGeCKFlute_treatment/PathwayView/Group B__hsa00230.pathview.multi.png",
                "mageck/FluteMLE/MAGeCKFlute_treatment/PathwayView/Group B__hsa00310.pathview.multi.png",
                "mageck/FluteMLE/MAGeCKFlute_treatment/PathwayView/Group B__hsa04350.pathview.multi.png",
                "mageck/FluteMLE/MAGeCKFlute_treatment/PathwayView/Group B__hsa04666.pathview.multi.png",
                "mageck/FluteMLE/MAGeCKFlute_treatment/PathwayView/Group B__hsa05418.pathview.multi.png",
                "mageck/FluteMLE/MAGeCKFlute_treatment/QC",
                "mageck/FluteMLE/MAGeCKFlute_treatment/QC/Consistency_all_cell_cycle.png",
                "mageck/FluteMLE/MAGeCKFlute_treatment/QC/Consistency_posctrl_cell_cycle.png",
                "mageck/FluteMLE/MAGeCKFlute_treatment/QC/DensityView_all_cell_cycle.png",
                "mageck/FluteMLE/MAGeCKFlute_treatment/QC/DensityView_posctrl_cell_cycle.png",
                "mageck/FluteMLE/MAGeCKFlute_treatment/QC/MAView_all_cell_cycle.png",
                "mageck/FluteMLE/MAGeCKFlute_treatment/QC/MAView_posctrl_cell_cycle.png",
                "mageck/FluteMLE/MAGeCKFlute_treatment/QC/ViolinView_all_cell_cycle.png",
                "mageck/FluteMLE/MAGeCKFlute_treatment/QC/ViolinView_posctrl_cell_cycle.png",
                "mageck/FluteMLE/MAGeCKFlute_treatment/QC/treatment_omitessential_data.txt",
                "mageck/FluteMLE/MAGeCKFlute_treatment/QC/treatment_processed_data.txt",
                "mageck/FluteMLE/MAGeCKFlute_treatment/Selection",
                "mageck/FluteMLE/MAGeCKFlute_treatment/Selection/Data_ScatterView_TreatvsCtrl.txt",
                "mageck/FluteMLE/MAGeCKFlute_treatment/Selection/RankView_Treat-Ctrl_cell_cycle.png",
                "mageck/FluteMLE/MAGeCKFlute_treatment/Selection/ScatterView_Treat-Ctrl_Negative_cell_cycle.png",
                "mageck/FluteMLE/MAGeCKFlute_treatment/Selection/ScatterView_Treat-Ctrl_Positive_cell_cycle.png",
                "mageck/FluteMLE/MAGeCKFlute_treatment/Selection/ScatterView_TreatvsCtrl_cell_cycle.png",
                "mageck/FluteMLE/MAGeCKFlute_treatment/Selection/SquareView_cell_cycle.png",
                "mageck/FluteMLE/MAGeCKFlute_treatment/Selection/treatmentsquareview_data.txt",
                "mageck/mle",
                "mageck/mle/design_matrix",
                "mageck/mle/design_matrix/design_matrix.gene_summary.txt",
                "mageck/mle/design_matrix/design_matrix.sgrna_summary.txt",
                "multiqc",
                "multiqc/multiqc_data",
                "multiqc/multiqc_data/llms-full.txt",
                "multiqc/multiqc_data/multiqc.log",
                "multiqc/multiqc_data/multiqc.parquet",
                "multiqc/multiqc_data/multiqc_citations.txt",
                "multiqc/multiqc_data/multiqc_data.json",
                "multiqc/multiqc_data/multiqc_software_versions.txt",
                "multiqc/multiqc_data/multiqc_sources.txt",
                "multiqc/multiqc_report.html",
                "pipeline_info",
                "pipeline_info/nf_core_crisprseq_software_mqc_versions.yml"
            ],
            [
                "Group12_complex_cell_cycle.png:md5,bd8c9cec17a4cb5b5191614e8cac6bf2",
                "Group12_complex_cell_cycle.txt:md5,b9124ecddac0a80aa1f10c9e8d42f25c",
                "Group12_gobp_cell_cycle.png:md5,f122ee94921d3d0dfe6a10b124ca260c",
                "Group12_gobp_cell_cycle.txt:md5,307ebaf30398ee7a7546cb9028fcbb56",
                "Group12_kegg_cell_cycle.png:md5,11844c140787357f6fa584825ea26d49",
                "Group12_kegg_cell_cycle.txt:md5,aae197b734aa357d8e2df16b9fe4cf15",
                "Group12_reactome_cell_cycle.png:md5,4d60cb570ed89e34f74c75b689a6c910",
                "Group12_reactome_cell_cycle.txt:md5,0194fa284fb42688c7595ebf6505e01e",
                "Group24_complex_cell_cycle.png:md5,f183834cc1760957ac49afbd89b8997e",
                "Group24_complex_cell_cycle.txt:md5,464ecc5cb4182e6bc976a4c258eeb79b",
                "Group24_gobp_cell_cycle.png:md5,ea0688c74a69eb286e293c6162634fbe",
                "Group24_gobp_cell_cycle.txt:md5,29239041968dd752a1a1ebf8bff26168",
                "Group24_kegg_cell_cycle.png:md5,68c326c91c8cd72c5e5319e06a25f948",
                "Group24_kegg_cell_cycle.txt:md5,f4cf34d27dc65c57a2e316f45afeb8ad",
                "Group24_reactome_cell_cycle.png:md5,d9b9a6233efe163a1438839b24e35a2b",
                "Group24_reactome_cell_cycle.txt:md5,24212f6d53dbc4f5d01ff5af6ba2e056",
                "Group2_complex_cell_cycle.png:md5,3988f8f88bedb4faa0328a4672a32458",
                "Group2_complex_cell_cycle.txt:md5,9a47d80c38e4391329ae74d315c86008",
                "Group2_gobp_cell_cycle.png:md5,f7117a0f1c6afaa072a0d45ffaace7dd",
                "Group2_gobp_cell_cycle.txt:md5,4e1c6e1df358472db823cc230c604d23",
                "Group2_kegg_cell_cycle.png:md5,0bf833ee3e27ae1d76d5672027a08b28",
                "Group2_kegg_cell_cycle.txt:md5,854f36832207afc4ab582fc8f4c0aba5",
                "Group2_reactome_cell_cycle.png:md5,9dc6d1ffdca6747178490ea959768ba8",
                "Group2_reactome_cell_cycle.txt:md5,6ba8f9dd577d7aba0bc7c39966a57d88",
                "Group34_complex_cell_cycle.png:md5,ca22944e8ac3bacec43977f2cafd0a4d",
                "Group34_complex_cell_cycle.txt:md5,e1588bd4690e15e6c59ce0ab619c00e1",
                "Group34_gobp_cell_cycle.png:md5,0c0017726836a8cd77690522041526b2",
                "Group34_gobp_cell_cycle.txt:md5,c080ab1339a710de3e6c7349cb8017af",
                "Group34_kegg_cell_cycle.png:md5,5cae1b6f25614b62d4998c749a49bc50",
                "Group34_kegg_cell_cycle.txt:md5,8a61ce78f0b69ed53d1c3e142717cbfc",
                "Group34_reactome_cell_cycle.png:md5,cbd9766272de330ac45749c1790fa3e0",
                "Group34_reactome_cell_cycle.txt:md5,f20be0768feb45ddc003bc1ce96d4a0d",
                "Group4_complex_cell_cycle.png:md5,0cc677e86b139705421835a6aa707f7d",
                "Group4_complex_cell_cycle.txt:md5,ab3a167461e38204cc746bbdfcb06cbb",
                "Group4_gobp_cell_cycle.png:md5,a975fb15a912e72263b1bd325931929a",
                "Group4_gobp_cell_cycle.txt:md5,a9fd820ef3acfd4cdb996b28b438b450",
                "Group4_kegg_cell_cycle.png:md5,63c1b256e5ff2dbbec9e7892fe384da7",
                "Group4_kegg_cell_cycle.txt:md5,c533d5520d6791fc16af79f93f17de66",
                "Group4_reactome_cell_cycle.png:md5,b01bf68937886dabea314c2e5493cdd5",
                "Group4_reactome_cell_cycle.txt:md5,cbe6ea441c17947691fe7dfe3784063f",
                "GroupA_complex_cell_cycle.png:md5,9decbbc9211375cdd90ed74830a27c41",
                "GroupA_complex_cell_cycle.txt:md5,b6ff854c68e38bf53c1a08b607456abf",
                "GroupA_gobp_cell_cycle.png:md5,e93dbce4aa10a705940c14c8851d01dd",
                "GroupA_gobp_cell_cycle.txt:md5,47ac36500852633f2dd89c6b75428614",
                "GroupA_kegg_cell_cycle.png:md5,bdc8c71687f2016c28c4236800dc1870",
                "GroupA_kegg_cell_cycle.txt:md5,53c60d48457a30159aee51d05a0614db",
                "GroupA_reactome_cell_cycle.png:md5,72fda62bc001804eced6013edb90b6ba",
                "GroupA_reactome_cell_cycle.txt:md5,48469b55658e179220b5dd8adeec851a",
                "GroupB_complex_cell_cycle.png:md5,4d1dc58a2e59194610157f4c3bc419ff",
                "GroupB_complex_cell_cycle.txt:md5,e1588bd4690e15e6c59ce0ab619c00e1",
                "GroupB_gobp_cell_cycle.png:md5,d77813adf18cf9d34ae2e5363a54b63c",
                "GroupB_gobp_cell_cycle.txt:md5,c080ab1339a710de3e6c7349cb8017af",
                "GroupB_kegg_cell_cycle.png:md5,57976523cb6f831b375e5781ac591112",
                "GroupB_kegg_cell_cycle.txt:md5,8a61ce78f0b69ed53d1c3e142717cbfc",
                "GroupB_reactome_cell_cycle.png:md5,05f250bff9671569146058367df0e790",
                "GroupB_reactome_cell_cycle.txt:md5,f20be0768feb45ddc003bc1ce96d4a0d",
                "Consistency_all_cell_cycle.png:md5,ea566ceb1308b6ccb8df4e3b018901bc",
                "Consistency_posctrl_cell_cycle.png:md5,ceba10be9bf5e011e87230e007cd653d",
                "DensityView_all_cell_cycle.png:md5,bb64fa8f5e5000e9b2b9172ebeb99888",
                "DensityView_posctrl_cell_cycle.png:md5,cd4056c9168789d040c96868cefee63f",
                "ViolinView_all_cell_cycle.png:md5,dfc66c1373225628f940523d33407157",
                "ViolinView_posctrl_cell_cycle.png:md5,8040c319ca6a9d402cb0392515fd6512",
                "treatment_omitessential_data.txt:md5,435cd7192ba208c8a4932f65342a1e79",
                "treatment_processed_data.txt:md5,c89317b41b62592b032d98e5b3adc160",
                "design_matrix.sgrna_summary.txt:md5,2d9c7b762ca4086f6d84a869f0961f3b",
                "multiqc_citations.txt:md5,4c806e63a283ec1b7e78cdae3a923d4f"
            ]
        ],
        "meta": {
            "nf-test": "0.9.3",
            "nextflow": "25.04.8"
        },
        "timestamp": "2025-10-16T15:24:49.14684383"
    }
}