{
    "Test targeted UMIs": {
        "content": [
            79,
            {
                "ALIGNMENT_SUMMARY": {
                    "pysam": "0.20.0"
                },
                "CIGAR_PARSER": {
                    "seqinr": "4.2.16",
                    "Rsamtools": "2.10.0",
                    "dplyr": "1.0.10",
                    "ShortRead": "1.52.0",
                    "jsonlite": "1.8.2",
                    "stringr": "1.4.1",
                    "plotly": "4.10.0"
                },
                "CLONALITY_CLASSIFIER": {
                    "pandas": "2.2.0",
                    "numpy": "1.26.3"
                },
                "CLUSTERING_SUMMARY": {
                    "biopython": "1.78"
                },
                "CRISPRSEQ_PLOTTER": {
                    "ggplot2": "3.4.3",
                    "ShortRead": "1.58.0",
                    "plyr": "1.8.8",
                    "dplyr": "1.1.2",
                    "seqinr": "4.2.30",
                    "ggpubr": "0.6.0",
                    "ggmsa": "1.0.2",
                    "seqmagick": "0.1.6",
                    "stringr": "1.5.0",
                    "tidyr": "1.3.0",
                    "ggseqlogo": 0.1,
                    "plotly": "4.10.2",
                    "cowplot": "1.1.1"
                },
                "EXTRACT_UMIS": {
                    "python": "3.10.5"
                },
                "FASTQC": {
                    "fastqc": "0.12.1"
                },
                "MEDAKA": {
                    "medaka": "1.11.3"
                },
                "MINIMAP2_ALIGN_ORIGINAL": {
                    "minimap2": "2.28-r1209"
                },
                "MINIMAP2_ALIGN_UMI_1": {
                    "minimap2": "2.28-r1209"
                },
                "MINIMAP2_ALIGN_UMI_2": {
                    "minimap2": "2.28-r1209"
                },
                "ORIENT_REFERENCE": {
                    "Rscript": null
                },
                "PEAR": {
                    "pear": "0.9.6)"
                },
                "PREPROCESSING_SUMMARY": {
                    "biopython": "1.78"
                },
                "RACON_1": {
                    "racon": "1.4.20"
                },
                "RACON_2": {
                    "racon": "1.4.20"
                },
                "SAMTOOLS_INDEX": {
                    "samtools": "1.19.2"
                },
                "SEQTK_SEQ_FATOFQ": {
                    "seqtk": "1.4-r122"
                },
                "SEQTK_SEQ_MASK": {
                    "seqtk": "1.4-r122"
                },
                "VSEARCH_CLUSTER": {
                    "vsearch": "2.21.1"
                },
                "VSEARCH_SORT": {
                    "vsearch": "2.21.1"
                },
                "Workflow": {
                    "nf-core/crisprseq": "v2.4.0dev"
                }
            },
            [
                "ERR9897751_ubs.txt",
                "ERR9897765_ubs.txt",
                "cigar",
                "cigar/ERR9897751_Emptyindels.csv",
                "cigar/ERR9897751_QC-indels.csv",
                "cigar/ERR9897751_QC-indels.html",
                "cigar/ERR9897751_cutSite.json",
                "cigar/ERR9897751_edition.html",
                "cigar/ERR9897751_edits.csv",
                "cigar/ERR9897751_reads-summary.csv",
                "cigar/ERR9897751_reads.html",
                "cigar/ERR9897751_subs-perc.csv",
                "cigar/ERR9897765_QC-indels.csv",
                "cigar/ERR9897765_QC-indels.html",
                "cigar/ERR9897765_cutSite.json",
                "cigar/ERR9897765_edition.html",
                "cigar/ERR9897765_edits.csv",
                "cigar/ERR9897765_indels.csv",
                "cigar/ERR9897765_reads-summary.csv",
                "cigar/ERR9897765_reads.html",
                "cigar/ERR9897765_subs-perc.csv",
                "clonality",
                "clonality/ERR9897751_edits_classified.csv",
                "clonality/ERR9897765_edits_classified.csv",
                "extract",
                "extract/ERR9897751_extractedUMI.fasta",
                "extract/ERR9897751_extractedUMI.tsv",
                "extract/ERR9897765_extractedUMI.fasta",
                "extract/ERR9897765_extractedUMI.tsv",
                "medaka",
                "medaka/ERR9897751_clusters0_sequences_medakaConsensus.fasta",
                "medaka/ERR9897751_clusters1_sequences_medakaConsensus.fasta",
                "medaka/ERR9897751_clusters2_sequences_medakaConsensus.fasta",
                "medaka/ERR9897751_clusters3_sequences_medakaConsensus.fasta",
                "medaka/ERR9897765_clusters1_sequences_medakaConsensus.fasta",
                "medaka/ERR9897765_clusters2_sequences_medakaConsensus.fasta",
                "medaka/ERR9897765_clusters3_sequences_medakaConsensus.fasta",
                "medaka/ERR9897765_clusters4_sequences_medakaConsensus.fasta",
                "minimap2",
                "minimap2/ERR9897751.bam",
                "minimap2/ERR9897751.bam.bai",
                "minimap2/ERR9897765.bam",
                "minimap2/ERR9897765.bam.bai",
                "minimap2_umi",
                "minimap2_umi/ERR9897751_clusters0_sequences_cycle1.paf",
                "minimap2_umi/ERR9897751_clusters0_sequences_cycle2.paf",
                "minimap2_umi/ERR9897751_clusters1_sequences_cycle1.paf",
                "minimap2_umi/ERR9897751_clusters1_sequences_cycle2.paf",
                "minimap2_umi/ERR9897751_clusters2_sequences_cycle1.paf",
                "minimap2_umi/ERR9897751_clusters2_sequences_cycle2.paf",
                "minimap2_umi/ERR9897751_clusters3_sequences_cycle1.paf",
                "minimap2_umi/ERR9897751_clusters3_sequences_cycle2.paf",
                "minimap2_umi/ERR9897765_clusters1_sequences_cycle1.paf",
                "minimap2_umi/ERR9897765_clusters1_sequences_cycle2.paf",
                "minimap2_umi/ERR9897765_clusters2_sequences_cycle1.paf",
                "minimap2_umi/ERR9897765_clusters2_sequences_cycle2.paf",
                "minimap2_umi/ERR9897765_clusters3_sequences_cycle1.paf",
                "minimap2_umi/ERR9897765_clusters3_sequences_cycle2.paf",
                "minimap2_umi/ERR9897765_clusters4_sequences_cycle1.paf",
                "minimap2_umi/ERR9897765_clusters4_sequences_cycle2.paf",
                "multiqc",
                "multiqc/multiqc_data",
                "multiqc/multiqc_data/fastqc-status-check-heatmap.txt",
                "multiqc/multiqc_data/fastqc_overrepresented_sequences_plot.txt",
                "multiqc/multiqc_data/fastqc_per_base_n_content_plot.txt",
                "multiqc/multiqc_data/fastqc_per_base_sequence_quality_plot.txt",
                "multiqc/multiqc_data/fastqc_per_sequence_gc_content_plot_Counts.txt",
                "multiqc/multiqc_data/fastqc_per_sequence_gc_content_plot_Percentages.txt",
                "multiqc/multiqc_data/fastqc_per_sequence_quality_scores_plot.txt",
                "multiqc/multiqc_data/fastqc_sequence_counts_plot.txt",
                "multiqc/multiqc_data/fastqc_sequence_duplication_levels_plot.txt",
                "multiqc/multiqc_data/fastqc_sequence_length_distribution_plot.txt",
                "multiqc/multiqc_data/fastqc_top_overrepresented_sequences_table.txt",
                "multiqc/multiqc_data/multiqc.log",
                "multiqc/multiqc_data/multiqc_citations.txt",
                "multiqc/multiqc_data/multiqc_data.json",
                "multiqc/multiqc_data/multiqc_edition_bargraph.txt",
                "multiqc/multiqc_data/multiqc_fastqc.txt",
                "multiqc/multiqc_data/multiqc_general_stats.txt",
                "multiqc/multiqc_data/multiqc_indelqc_bargraph.txt",
                "multiqc/multiqc_data/multiqc_read_processing.txt",
                "multiqc/multiqc_data/multiqc_software_versions.txt",
                "multiqc/multiqc_data/multiqc_sources.txt",
                "multiqc/multiqc_plots",
                "multiqc/multiqc_plots/pdf",
                "multiqc/multiqc_plots/pdf/edition_bargraph-cnt.pdf",
                "multiqc/multiqc_plots/pdf/edition_bargraph-pct.pdf",
                "multiqc/multiqc_plots/pdf/fastqc-status-check-heatmap.pdf",
                "multiqc/multiqc_plots/pdf/fastqc_overrepresented_sequences_plot.pdf",
                "multiqc/multiqc_plots/pdf/fastqc_per_base_n_content_plot.pdf",
                "multiqc/multiqc_plots/pdf/fastqc_per_base_sequence_quality_plot.pdf",
                "multiqc/multiqc_plots/pdf/fastqc_per_sequence_gc_content_plot_Counts.pdf",
                "multiqc/multiqc_plots/pdf/fastqc_per_sequence_gc_content_plot_Percentages.pdf",
                "multiqc/multiqc_plots/pdf/fastqc_per_sequence_quality_scores_plot.pdf",
                "multiqc/multiqc_plots/pdf/fastqc_sequence_counts_plot-cnt.pdf",
                "multiqc/multiqc_plots/pdf/fastqc_sequence_counts_plot-pct.pdf",
                "multiqc/multiqc_plots/pdf/fastqc_sequence_duplication_levels_plot.pdf",
                "multiqc/multiqc_plots/pdf/fastqc_sequence_length_distribution_plot.pdf",
                "multiqc/multiqc_plots/pdf/fastqc_top_overrepresented_sequences_table.pdf",
                "multiqc/multiqc_plots/pdf/general_stats_table.pdf",
                "multiqc/multiqc_plots/pdf/indelqc_bargraph-cnt.pdf",
                "multiqc/multiqc_plots/pdf/indelqc_bargraph-pct.pdf",
                "multiqc/multiqc_plots/pdf/read_processing.pdf",
                "multiqc/multiqc_plots/png",
                "multiqc/multiqc_plots/png/edition_bargraph-cnt.png",
                "multiqc/multiqc_plots/png/edition_bargraph-pct.png",
                "multiqc/multiqc_plots/png/fastqc-status-check-heatmap.png",
                "multiqc/multiqc_plots/png/fastqc_overrepresented_sequences_plot.png",
                "multiqc/multiqc_plots/png/fastqc_per_base_n_content_plot.png",
                "multiqc/multiqc_plots/png/fastqc_per_base_sequence_quality_plot.png",
                "multiqc/multiqc_plots/png/fastqc_per_sequence_gc_content_plot_Counts.png",
                "multiqc/multiqc_plots/png/fastqc_per_sequence_gc_content_plot_Percentages.png",
                "multiqc/multiqc_plots/png/fastqc_per_sequence_quality_scores_plot.png",
                "multiqc/multiqc_plots/png/fastqc_sequence_counts_plot-cnt.png",
                "multiqc/multiqc_plots/png/fastqc_sequence_counts_plot-pct.png",
                "multiqc/multiqc_plots/png/fastqc_sequence_duplication_levels_plot.png",
                "multiqc/multiqc_plots/png/fastqc_sequence_length_distribution_plot.png",
                "multiqc/multiqc_plots/png/fastqc_top_overrepresented_sequences_table.png",
                "multiqc/multiqc_plots/png/general_stats_table.png",
                "multiqc/multiqc_plots/png/indelqc_bargraph-cnt.png",
                "multiqc/multiqc_plots/png/indelqc_bargraph-pct.png",
                "multiqc/multiqc_plots/png/read_processing.png",
                "multiqc/multiqc_plots/svg",
                "multiqc/multiqc_plots/svg/edition_bargraph-cnt.svg",
                "multiqc/multiqc_plots/svg/edition_bargraph-pct.svg",
                "multiqc/multiqc_plots/svg/fastqc-status-check-heatmap.svg",
                "multiqc/multiqc_plots/svg/fastqc_overrepresented_sequences_plot.svg",
                "multiqc/multiqc_plots/svg/fastqc_per_base_n_content_plot.svg",
                "multiqc/multiqc_plots/svg/fastqc_per_base_sequence_quality_plot.svg",
                "multiqc/multiqc_plots/svg/fastqc_per_sequence_gc_content_plot_Counts.svg",
                "multiqc/multiqc_plots/svg/fastqc_per_sequence_gc_content_plot_Percentages.svg",
                "multiqc/multiqc_plots/svg/fastqc_per_sequence_quality_scores_plot.svg",
                "multiqc/multiqc_plots/svg/fastqc_sequence_counts_plot-cnt.svg",
                "multiqc/multiqc_plots/svg/fastqc_sequence_counts_plot-pct.svg",
                "multiqc/multiqc_plots/svg/fastqc_sequence_duplication_levels_plot.svg",
                "multiqc/multiqc_plots/svg/fastqc_sequence_length_distribution_plot.svg",
                "multiqc/multiqc_plots/svg/fastqc_top_overrepresented_sequences_table.svg",
                "multiqc/multiqc_plots/svg/general_stats_table.svg",
                "multiqc/multiqc_plots/svg/indelqc_bargraph-cnt.svg",
                "multiqc/multiqc_plots/svg/indelqc_bargraph-pct.svg",
                "multiqc/multiqc_plots/svg/read_processing.svg",
                "multiqc/multiqc_report.html",
                "pipeline_info",
                "pipeline_info/nf_core_crisprseq_software_mqc_versions.yml",
                "plots",
                "plots/ERR9897751_Deletions.html",
                "plots/ERR9897751_Insertions.html",
                "plots/ERR9897751_accumulative.html",
                "plots/ERR9897751_delAlleles_plot.png",
                "plots/ERR9897751_subs-perc_plot.png",
                "plots/ERR9897751_subs-perc_plot_LOGO.png",
                "plots/ERR9897751_top-alleles_LOGO.png",
                "plots/ERR9897751_top.html",
                "plots/ERR9897765_Deletions.html",
                "plots/ERR9897765_Insertions.html",
                "plots/ERR9897765_accumulative.html",
                "plots/ERR9897765_delAlleles_plot.png",
                "plots/ERR9897765_subs-perc_plot.png",
                "plots/ERR9897765_subs-perc_plot_LOGO.png",
                "plots/ERR9897765_top-alleles_LOGO.png",
                "plots/ERR9897765_top.html",
                "preprocessing",
                "preprocessing/fastqc",
                "preprocessing/fastqc/ERR9897751_fastqc.html",
                "preprocessing/fastqc/ERR9897751_fastqc.zip",
                "preprocessing/fastqc/ERR9897765_fastqc.html",
                "preprocessing/fastqc/ERR9897765_fastqc.zip",
                "preprocessing/pear",
                "preprocessing/pear/ERR9897751.assembled.fastq.gz",
                "preprocessing/pear/ERR9897751.discarded.fastq.gz",
                "preprocessing/pear/ERR9897751.unassembled.forward.fastq.gz",
                "preprocessing/pear/ERR9897751.unassembled.reverse.fastq.gz",
                "preprocessing/pear/ERR9897765.assembled.fastq.gz",
                "preprocessing/pear/ERR9897765.discarded.fastq.gz",
                "preprocessing/pear/ERR9897765.unassembled.forward.fastq.gz",
                "preprocessing/pear/ERR9897765.unassembled.reverse.fastq.gz",
                "preprocessing/seqtk",
                "preprocessing/seqtk/ERR9897751.seqtk-seq.fastq.gz",
                "preprocessing/seqtk/ERR9897765.seqtk-seq.fastq.gz",
                "racon_umi",
                "racon_umi/ERR9897751_clusters0_sequences_cycle1_assembly_consensus.fasta.gz",
                "racon_umi/ERR9897751_clusters0_sequences_cycle2_assembly_consensus.fasta.gz",
                "racon_umi/ERR9897751_clusters1_sequences_cycle1_assembly_consensus.fasta.gz",
                "racon_umi/ERR9897751_clusters1_sequences_cycle2_assembly_consensus.fasta.gz",
                "racon_umi/ERR9897751_clusters2_sequences_cycle1_assembly_consensus.fasta.gz",
                "racon_umi/ERR9897751_clusters2_sequences_cycle2_assembly_consensus.fasta.gz",
                "racon_umi/ERR9897751_clusters3_sequences_cycle1_assembly_consensus.fasta.gz",
                "racon_umi/ERR9897751_clusters3_sequences_cycle2_assembly_consensus.fasta.gz",
                "racon_umi/ERR9897765_clusters1_sequences_cycle1_assembly_consensus.fasta.gz",
                "racon_umi/ERR9897765_clusters1_sequences_cycle2_assembly_consensus.fasta.gz",
                "racon_umi/ERR9897765_clusters2_sequences_cycle1_assembly_consensus.fasta.gz",
                "racon_umi/ERR9897765_clusters2_sequences_cycle2_assembly_consensus.fasta.gz",
                "racon_umi/ERR9897765_clusters3_sequences_cycle1_assembly_consensus.fasta.gz",
                "racon_umi/ERR9897765_clusters3_sequences_cycle2_assembly_consensus.fasta.gz",
                "racon_umi/ERR9897765_clusters4_sequences_cycle1_assembly_consensus.fasta.gz",
                "racon_umi/ERR9897765_clusters4_sequences_cycle2_assembly_consensus.fasta.gz",
                "summary",
                "summary/alignment",
                "summary/alignment/ERR9897751_alignment_summary.csv",
                "summary/alignment/ERR9897765_alignment_summary.csv",
                "vsearch",
                "vsearch/ERR9897751_clusters0",
                "vsearch/ERR9897751_clusters0_top.fasta",
                "vsearch/ERR9897751_clusters1",
                "vsearch/ERR9897751_clusters1_top.fasta",
                "vsearch/ERR9897751_clusters2",
                "vsearch/ERR9897751_clusters2_top.fasta",
                "vsearch/ERR9897751_clusters3",
                "vsearch/ERR9897751_clusters3_top.fasta",
                "vsearch/ERR9897751_clusters4",
                "vsearch/ERR9897751_clusters5",
                "vsearch/ERR9897751_clusters6",
                "vsearch/ERR9897751_clusters7",
                "vsearch/ERR9897765_clusters0",
                "vsearch/ERR9897765_clusters1",
                "vsearch/ERR9897765_clusters1_top.fasta",
                "vsearch/ERR9897765_clusters2",
                "vsearch/ERR9897765_clusters2_top.fasta",
                "vsearch/ERR9897765_clusters3",
                "vsearch/ERR9897765_clusters3_top.fasta",
                "vsearch/ERR9897765_clusters4",
                "vsearch/ERR9897765_clusters4_top.fasta",
                "vsearch/ERR9897765_clusters5",
                "vsearch/ERR9897765_clusters6",
                "vsearch/ERR9897765_clusters7"
            ],
            [
                "ERR9897751_ubs.txt:md5,c0792b5871504895871247dfb2fbbc6a",
                "ERR9897765_ubs.txt:md5,0dfd49da10450b01f3e64f790d27934f",
                "ERR9897751_Emptyindels.csv:md5,1a198d29d5f4bd091455694d36660a4c",
                "ERR9897751_QC-indels.csv:md5,b22928d06de670e37f4bddbe0f05fdbc",
                "ERR9897751_cutSite.json:md5,d11b8828db601383202aba74a0157c9c",
                "ERR9897751_edits.csv:md5,9f982c25851f1c5a736e2f2b5788e2ed",
                "ERR9897751_reads-summary.csv:md5,83e5275979c5fb16bf15a2fb882b4af4",
                "ERR9897751_subs-perc.csv:md5,2f01037ce78a6a7c612f4a7c95aac2b9",
                "ERR9897765_QC-indels.csv:md5,e3161b2f3d2f94bdfe240052b39093a0",
                "ERR9897765_cutSite.json:md5,8d860a8f6f4a05f725501c81c3333cec",
                "ERR9897765_edits.csv:md5,02743f8abd73824b8560f553ffd53d5b",
                "ERR9897765_indels.csv:md5,571b1386f2f4f45252a12c49b3c90417",
                "ERR9897765_reads-summary.csv:md5,f01ee943ec98548088bd2e905a2f1c3a",
                "ERR9897765_subs-perc.csv:md5,2f01037ce78a6a7c612f4a7c95aac2b9",
                "ERR9897751_edits_classified.csv:md5,ca83f09438c7a02f7dd05178ef5bf661",
                "ERR9897765_edits_classified.csv:md5,e90e8c6d11930bdcee628d95f5b2f67f",
                "ERR9897751_extractedUMI.fasta:md5,f8d4fe1a043464e4644ec09c6487bad1",
                "ERR9897751_extractedUMI.tsv:md5,686a266cdb1ebe665572101da9518d21",
                "ERR9897765_extractedUMI.fasta:md5,f39999ad26d7e0fc2f97d1580fffda6b",
                "ERR9897765_extractedUMI.tsv:md5,0f6edf8156842fe336b2a8e547d5de96",
                "ERR9897751_clusters0_sequences_medakaConsensus.fasta:md5,0c95beb0e76802dde2ae4f13031ca907",
                "ERR9897751_clusters1_sequences_medakaConsensus.fasta:md5,0990a8692f1e9ac39f09b1aa0beaa424",
                "ERR9897751_clusters2_sequences_medakaConsensus.fasta:md5,d74337fbd7405339fcb98441ac3635e1",
                "ERR9897751_clusters3_sequences_medakaConsensus.fasta:md5,afec2368a18cb10e272a5c479403fee7",
                "ERR9897765_clusters1_sequences_medakaConsensus.fasta:md5,bfbf8bb77b482f652e86eb013b94b0e7",
                "ERR9897765_clusters2_sequences_medakaConsensus.fasta:md5,97532f808cdac9fb7181557288820ba6",
                "ERR9897765_clusters3_sequences_medakaConsensus.fasta:md5,746d7616afbaa9e41908cc5d1ac5727e",
                "ERR9897765_clusters4_sequences_medakaConsensus.fasta:md5,8fa653be4586999daba786798cfeb3d8",
                "ERR9897751.bam:md5,0b3894f0104fa5da4c69ac489cf09058",
                "ERR9897751.bam.bai:md5,484b0e01952a14902c6f61ffffe38dae",
                "ERR9897765.bam:md5,a47ce98f4eb4b2a3ef52f290f12f5a06",
                "ERR9897765.bam.bai:md5,966ff7fcda3397901d0bba297c136f47",
                "ERR9897751_clusters0_sequences_cycle1.paf:md5,88c83dfe6aeb991934ef59657c560527",
                "ERR9897751_clusters0_sequences_cycle2.paf:md5,24b5c25c7e6a5e4417fef5f720758545",
                "ERR9897751_clusters1_sequences_cycle1.paf:md5,a521968cca686acd16937e6b07478b7f",
                "ERR9897751_clusters1_sequences_cycle2.paf:md5,d5dbdec9403ee86f77b85224b87e8744",
                "ERR9897751_clusters2_sequences_cycle1.paf:md5,c02c8bc3d6d981ec62c96e7cc86822d0",
                "ERR9897751_clusters2_sequences_cycle2.paf:md5,6d609cf440817201c0b6e659d99d75b8",
                "ERR9897751_clusters3_sequences_cycle1.paf:md5,efec14768137789ea45515d6f371fb50",
                "ERR9897751_clusters3_sequences_cycle2.paf:md5,b2ca4c4c75b71b2b902887f9f549dd37",
                "ERR9897765_clusters1_sequences_cycle1.paf:md5,1ee64ce0b943fec46dd17d6530ab9ad7",
                "ERR9897765_clusters1_sequences_cycle2.paf:md5,b074c60412eaa799ba53313804a8c182",
                "ERR9897765_clusters2_sequences_cycle1.paf:md5,351f202880fd80a34266f81a7c1f70fe",
                "ERR9897765_clusters2_sequences_cycle2.paf:md5,5f8266252a8fd26afc2fe73c0000ae5c",
                "ERR9897765_clusters3_sequences_cycle1.paf:md5,bba82ce076ebf093d57b7ac6a8048d0f",
                "ERR9897765_clusters3_sequences_cycle2.paf:md5,145af042700ff330e24808c646cd1cbe",
                "ERR9897765_clusters4_sequences_cycle1.paf:md5,e602a794f6b4f3505e8a99a54394faf7",
                "ERR9897765_clusters4_sequences_cycle2.paf:md5,e31cfac5edb089ef494554a919c6089b",
                "fastqc-status-check-heatmap.txt:md5,ad30e56180a7ba82129e6dd9aa56c60d",
                "fastqc_overrepresented_sequences_plot.txt:md5,efa930f64abca99026433f368afb1cea",
                "fastqc_per_base_n_content_plot.txt:md5,43e3a6c9dda52bfb81b78ea055042496",
                "fastqc_per_base_sequence_quality_plot.txt:md5,80f79c35b125302418f7b9055ab84096",
                "fastqc_per_sequence_gc_content_plot_Counts.txt:md5,54ed913f5db7b05a3f2f7de3c743ecbe",
                "fastqc_per_sequence_gc_content_plot_Percentages.txt:md5,1a167137bb37995b6d045560828485e9",
                "fastqc_per_sequence_quality_scores_plot.txt:md5,c391d4bb78853e62d6625436c03577a8",
                "fastqc_sequence_counts_plot.txt:md5,e3a4042c15f2bcc5c56ca43f646c2335",
                "fastqc_sequence_duplication_levels_plot.txt:md5,634949074e23a7b46178a4a0e63c61ff",
                "fastqc_sequence_length_distribution_plot.txt:md5,df4de234c3f47b006a9fff33c802e6d5",
                "multiqc_citations.txt:md5,4c806e63a283ec1b7e78cdae3a923d4f",
                "multiqc_edition_bargraph.txt:md5,2288de54633de14555a5fcedcb0d32a2",
                "multiqc_general_stats.txt:md5,095dffb793835d33e4bb980ec8a48c29",
                "multiqc_indelqc_bargraph.txt:md5,fc54ca221025ee70f96ba3c072b94eb0",
                "multiqc_read_processing.txt:md5,ad2694c5b06ba45e0a55a62688849348",
                "ERR9897751_delAlleles_plot.png:md5,d41d8cd98f00b204e9800998ecf8427e",
                "ERR9897751_subs-perc_plot.png:md5,d41d8cd98f00b204e9800998ecf8427e",
                "ERR9897751_subs-perc_plot_LOGO.png:md5,d41d8cd98f00b204e9800998ecf8427e",
                "ERR9897751_top-alleles_LOGO.png:md5,d41d8cd98f00b204e9800998ecf8427e",
                "ERR9897765_delAlleles_plot.png:md5,85856266037293177c5f06782ea0d02e",
                "ERR9897765_subs-perc_plot.png:md5,d41d8cd98f00b204e9800998ecf8427e",
                "ERR9897765_subs-perc_plot_LOGO.png:md5,d41d8cd98f00b204e9800998ecf8427e",
                "ERR9897765_top-alleles_LOGO.png:md5,64a9be2d617001ae107c2d4fa18f76b4",
                "ERR9897751.assembled.fastq.gz:md5,2c8e471a1f6a03150690ad971507826a",
                "ERR9897751.discarded.fastq.gz:md5,d41d8cd98f00b204e9800998ecf8427e",
                "ERR9897751.unassembled.forward.fastq.gz:md5,d41d8cd98f00b204e9800998ecf8427e",
                "ERR9897751.unassembled.reverse.fastq.gz:md5,d41d8cd98f00b204e9800998ecf8427e",
                "ERR9897765.assembled.fastq.gz:md5,85137b71c3a23a4313fc2a069a2fdf0c",
                "ERR9897765.discarded.fastq.gz:md5,d41d8cd98f00b204e9800998ecf8427e",
                "ERR9897765.unassembled.forward.fastq.gz:md5,d41d8cd98f00b204e9800998ecf8427e",
                "ERR9897765.unassembled.reverse.fastq.gz:md5,d41d8cd98f00b204e9800998ecf8427e",
                "ERR9897751.seqtk-seq.fastq.gz:md5,51368f59e81a04cc5b046cd70f2281c0",
                "ERR9897765.seqtk-seq.fastq.gz:md5,37f4c2d866df09f426c8dfd7f46e08c5",
                "ERR9897751_clusters0_sequences_cycle1_assembly_consensus.fasta.gz:md5,73dd66fd6ac53dcc4aa29e5d317098f4",
                "ERR9897751_clusters0_sequences_cycle2_assembly_consensus.fasta.gz:md5,73dd66fd6ac53dcc4aa29e5d317098f4",
                "ERR9897751_clusters1_sequences_cycle1_assembly_consensus.fasta.gz:md5,86270072cac07fb782c86b023745e072",
                "ERR9897751_clusters1_sequences_cycle2_assembly_consensus.fasta.gz:md5,86270072cac07fb782c86b023745e072",
                "ERR9897751_clusters2_sequences_cycle1_assembly_consensus.fasta.gz:md5,0ab7b46769183d4b553b65566fbd7af5",
                "ERR9897751_clusters2_sequences_cycle2_assembly_consensus.fasta.gz:md5,0ab7b46769183d4b553b65566fbd7af5",
                "ERR9897751_clusters3_sequences_cycle1_assembly_consensus.fasta.gz:md5,575fad775065420746cd68b8ec680619",
                "ERR9897751_clusters3_sequences_cycle2_assembly_consensus.fasta.gz:md5,575fad775065420746cd68b8ec680619",
                "ERR9897765_clusters1_sequences_cycle1_assembly_consensus.fasta.gz:md5,79c085c888f07b4321d0fadf233926b0",
                "ERR9897765_clusters1_sequences_cycle2_assembly_consensus.fasta.gz:md5,79c085c888f07b4321d0fadf233926b0",
                "ERR9897765_clusters2_sequences_cycle1_assembly_consensus.fasta.gz:md5,9462bfe80a83d5d23f12a408b8cf4d90",
                "ERR9897765_clusters2_sequences_cycle2_assembly_consensus.fasta.gz:md5,9462bfe80a83d5d23f12a408b8cf4d90",
                "ERR9897765_clusters3_sequences_cycle1_assembly_consensus.fasta.gz:md5,258689b869191d1371c4fb73ad2e84ae",
                "ERR9897765_clusters3_sequences_cycle2_assembly_consensus.fasta.gz:md5,73f717f7cde2521b7eed2d5bda19ad5e",
                "ERR9897765_clusters4_sequences_cycle1_assembly_consensus.fasta.gz:md5,a339c42b04af5b992f099f22b8c0cc54",
                "ERR9897765_clusters4_sequences_cycle2_assembly_consensus.fasta.gz:md5,7c0e6f74453bfc02187d842b3711c209",
                "ERR9897751_alignment_summary.csv:md5,0232969a91b2a646eeb1697e84318541",
                "ERR9897765_alignment_summary.csv:md5,c0d71db95233bdeddb173f26b8709820",
                "ERR9897751_clusters0:md5,7b54d939547eef6d47b30ede46cca2ca",
                "ERR9897751_clusters0_top.fasta:md5,57b2b44b481824325813b678385d43fb",
                "ERR9897751_clusters1:md5,350813f6ae255471c6b370bb46166e7a",
                "ERR9897751_clusters1_top.fasta:md5,32395451676492445ff9a616789ab42b",
                "ERR9897751_clusters2:md5,7b64a3e83eb7822fb3fb3d871081f647",
                "ERR9897751_clusters2_top.fasta:md5,2933933c9f1a35844cb4dac0ab3a11ab",
                "ERR9897751_clusters3:md5,16e4b51a6992afb4b610f45bb6966a3a",
                "ERR9897751_clusters3_top.fasta:md5,5552a2006918c782d2e9f0e3b2700a8a",
                "ERR9897751_clusters4:md5,2c6073aca842def6fb4f21df87b07ade",
                "ERR9897751_clusters5:md5,b6a7e17cc722648ee337f4f6a0a402b9",
                "ERR9897751_clusters6:md5,eae8bed4a97c2ab6580e12b71763414a",
                "ERR9897751_clusters7:md5,41e27b1564f9c122c3da165b3a457c64",
                "ERR9897765_clusters0:md5,735189421601e8b86b445cf8fb42bcff",
                "ERR9897765_clusters1:md5,2d8ab53ab684b8169cf4f041af0bc29f",
                "ERR9897765_clusters1_top.fasta:md5,9a0331fc54198d37878271162355a46a",
                "ERR9897765_clusters2:md5,daeda35340228a0832d354cbabca4657",
                "ERR9897765_clusters2_top.fasta:md5,c7be7f49feef4ec2ca3fd01736281d68",
                "ERR9897765_clusters3:md5,c1c563fb8d76c520a1329e10469b6b8a",
                "ERR9897765_clusters3_top.fasta:md5,339331f3df59334180d4d39593eedaa2",
                "ERR9897765_clusters4:md5,25c3a6d5b4d72253a7b3f4b8bfd7ba46",
                "ERR9897765_clusters4_top.fasta:md5,cdf9c92a44851585b9dc11d8ec8c6f73",
                "ERR9897765_clusters5:md5,f7849b63cc2dbcb54806a22c0a187448",
                "ERR9897765_clusters6:md5,84216aa9f57cfb28f84b9ca29ecefe31",
                "ERR9897765_clusters7:md5,6d86387f24b4b3bc7e26446c68ae1ce8"
            ]
        ],
        "meta": {
            "nf-test": "0.9.2",
            "nextflow": "24.04.2"
        },
        "timestamp": "2025-05-27T12:57:53.75817062"
    }
}